Archive member included to satisfy reference by file (symbol)

c:/st/stm32cubeide_1.4.0/stm32cubeide/plugins/com.st.stm32cube.ide.mcu.externaltools.gnu-tools-for-stm32.7-2018-q2-update.win32_1.4.0.202007081208/tools/bin/../lib/gcc/arm-none-eabi/7.3.1/../../../../arm-none-eabi/lib/thumb/v7e-m/fpv4-sp/hard\libc_nano.a(lib_a-errno.o)
                              Core/Src/syscalls.o (__errno)
c:/st/stm32cubeide_1.4.0/stm32cubeide/plugins/com.st.stm32cube.ide.mcu.externaltools.gnu-tools-for-stm32.7-2018-q2-update.win32_1.4.0.202007081208/tools/bin/../lib/gcc/arm-none-eabi/7.3.1/../../../../arm-none-eabi/lib/thumb/v7e-m/fpv4-sp/hard\libc_nano.a(lib_a-exit.o)
                              c:/st/stm32cubeide_1.4.0/stm32cubeide/plugins/com.st.stm32cube.ide.mcu.externaltools.gnu-tools-for-stm32.7-2018-q2-update.win32_1.4.0.202007081208/tools/bin/../lib/gcc/arm-none-eabi/7.3.1/../../../../arm-none-eabi/lib/thumb/v7e-m/fpv4-sp/hard/crt0.o (exit)
c:/st/stm32cubeide_1.4.0/stm32cubeide/plugins/com.st.stm32cube.ide.mcu.externaltools.gnu-tools-for-stm32.7-2018-q2-update.win32_1.4.0.202007081208/tools/bin/../lib/gcc/arm-none-eabi/7.3.1/../../../../arm-none-eabi/lib/thumb/v7e-m/fpv4-sp/hard\libc_nano.a(lib_a-impure.o)
                              c:/st/stm32cubeide_1.4.0/stm32cubeide/plugins/com.st.stm32cube.ide.mcu.externaltools.gnu-tools-for-stm32.7-2018-q2-update.win32_1.4.0.202007081208/tools/bin/../lib/gcc/arm-none-eabi/7.3.1/../../../../arm-none-eabi/lib/thumb/v7e-m/fpv4-sp/hard\libc_nano.a(lib_a-exit.o) (_global_impure_ptr)
c:/st/stm32cubeide_1.4.0/stm32cubeide/plugins/com.st.stm32cube.ide.mcu.externaltools.gnu-tools-for-stm32.7-2018-q2-update.win32_1.4.0.202007081208/tools/bin/../lib/gcc/arm-none-eabi/7.3.1/../../../../arm-none-eabi/lib/thumb/v7e-m/fpv4-sp/hard\libc_nano.a(lib_a-init.o)
                              c:/st/stm32cubeide_1.4.0/stm32cubeide/plugins/com.st.stm32cube.ide.mcu.externaltools.gnu-tools-for-stm32.7-2018-q2-update.win32_1.4.0.202007081208/tools/bin/../lib/gcc/arm-none-eabi/7.3.1/../../../../arm-none-eabi/lib/thumb/v7e-m/fpv4-sp/hard/crt0.o (__libc_init_array)
c:/st/stm32cubeide_1.4.0/stm32cubeide/plugins/com.st.stm32cube.ide.mcu.externaltools.gnu-tools-for-stm32.7-2018-q2-update.win32_1.4.0.202007081208/tools/bin/../lib/gcc/arm-none-eabi/7.3.1/../../../../arm-none-eabi/lib/thumb/v7e-m/fpv4-sp/hard\libc_nano.a(lib_a-memset.o)
                              c:/st/stm32cubeide_1.4.0/stm32cubeide/plugins/com.st.stm32cube.ide.mcu.externaltools.gnu-tools-for-stm32.7-2018-q2-update.win32_1.4.0.202007081208/tools/bin/../lib/gcc/arm-none-eabi/7.3.1/../../../../arm-none-eabi/lib/thumb/v7e-m/fpv4-sp/hard/crt0.o (memset)
c:/st/stm32cubeide_1.4.0/stm32cubeide/plugins/com.st.stm32cube.ide.mcu.externaltools.gnu-tools-for-stm32.7-2018-q2-update.win32_1.4.0.202007081208/tools/bin/../lib/gcc/arm-none-eabi/7.3.1/../../../../arm-none-eabi/lib/thumb/v7e-m/fpv4-sp/hard\libc_nano.a(lib_a-strcpy.o)
                              Core/Src/main.o (strcpy)
c:/st/stm32cubeide_1.4.0/stm32cubeide/plugins/com.st.stm32cube.ide.mcu.externaltools.gnu-tools-for-stm32.7-2018-q2-update.win32_1.4.0.202007081208/tools/bin/../lib/gcc/arm-none-eabi/7.3.1/../../../../arm-none-eabi/lib/thumb/v7e-m/fpv4-sp/hard\libc_nano.a(lib_a-strlen.o)
                              Core/Src/main.o (strlen)
c:/st/stm32cubeide_1.4.0/stm32cubeide/plugins/com.st.stm32cube.ide.mcu.externaltools.gnu-tools-for-stm32.7-2018-q2-update.win32_1.4.0.202007081208/tools/bin/../lib/gcc/arm-none-eabi/7.3.1/thumb/v7e-m/fpv4-sp/hard\libgcc.a(_aeabi_uldivmod.o)
                              Drivers/STM32L4xx_HAL_Driver/Src/stm32l4xx_hal_uart.o (__aeabi_uldivmod)
c:/st/stm32cubeide_1.4.0/stm32cubeide/plugins/com.st.stm32cube.ide.mcu.externaltools.gnu-tools-for-stm32.7-2018-q2-update.win32_1.4.0.202007081208/tools/bin/../lib/gcc/arm-none-eabi/7.3.1/thumb/v7e-m/fpv4-sp/hard\libgcc.a(_udivmoddi4.o)
                              c:/st/stm32cubeide_1.4.0/stm32cubeide/plugins/com.st.stm32cube.ide.mcu.externaltools.gnu-tools-for-stm32.7-2018-q2-update.win32_1.4.0.202007081208/tools/bin/../lib/gcc/arm-none-eabi/7.3.1/thumb/v7e-m/fpv4-sp/hard\libgcc.a(_aeabi_uldivmod.o) (__udivmoddi4)
c:/st/stm32cubeide_1.4.0/stm32cubeide/plugins/com.st.stm32cube.ide.mcu.externaltools.gnu-tools-for-stm32.7-2018-q2-update.win32_1.4.0.202007081208/tools/bin/../lib/gcc/arm-none-eabi/7.3.1/thumb/v7e-m/fpv4-sp/hard\libgcc.a(_dvmd_tls.o)
                              c:/st/stm32cubeide_1.4.0/stm32cubeide/plugins/com.st.stm32cube.ide.mcu.externaltools.gnu-tools-for-stm32.7-2018-q2-update.win32_1.4.0.202007081208/tools/bin/../lib/gcc/arm-none-eabi/7.3.1/thumb/v7e-m/fpv4-sp/hard\libgcc.a(_aeabi_uldivmod.o) (__aeabi_ldiv0)

Allocating common symbols
Common symbol       size              file

data_length         0x8               Core/Src/main.o
uwTick              0x4               Drivers/STM32L4xx_HAL_Driver/Src/stm32l4xx_hal.o
data_to_FLASH       0x8               Core/Src/main.o
[...]
Memory Configuration

Name             Origin             Length             Attributes
RAM              0x0000000020000000 0x0000000000018000 xrw
RAM2             0x0000000010000000 0x0000000000008000 xrw
FLASH            0x0000000008000000 0x0000000000100000 xr
*default*        0x0000000000000000 0xffffffffffffffff

Linker script and memory map

LOAD c:/st/stm32cubeide_1.4.0/stm32cubeide/plugins/com.st.stm32cube.ide.mcu.externaltools.gnu-tools-for-stm32.7-2018-q2-update.win32_1.4.0.202007081208/tools/bin/../lib/gcc/arm-none-eabi/7.3.1/thumb/v7e-m/fpv4-sp/hard/crti.o
LOAD c:/st/stm32cubeide_1.4.0/stm32cubeide/plugins/com.st.stm32cube.ide.mcu.externaltools.gnu-tools-for-stm32.7-2018-q2-update.win32_1.4.0.202007081208/tools/bin/../lib/gcc/arm-none-eabi/7.3.1/thumb/v7e-m/fpv4-sp/hard/crtbegin.o
LOAD c:/st/stm32cubeide_1.4.0/stm32cubeide/plugins/com.st.stm32cube.ide.mcu.externaltools.gnu-tools-for-stm32.7-2018-q2-update.win32_1.4.0.202007081208/tools/bin/../lib/gcc/arm-none-eabi/7.3.1/../../../../arm-none-eabi/lib/thumb/v7e-m/fpv4-sp/hard/crt0.o
LOAD Core/Src/UART.o
LOAD Core/Src/main.o
LOAD Core/Src/stm32l4xx_hal_msp.o
LOAD Core/Src/stm32l4xx_it.o
LOAD Core/Src/syscalls.o
LOAD Core/Src/sysmem.o
LOAD Core/Src/system_stm32l4xx.o
LOAD Core/Startup/startup_stm32l476rgtx.o
LOAD Drivers/STM32L4xx_HAL_Driver/Src/stm32l4xx_hal.o
LOAD Drivers/STM32L4xx_HAL_Driver/Src/stm32l4xx_hal_cortex.o
LOAD Drivers/STM32L4xx_HAL_Driver/Src/stm32l4xx_hal_dma.o
LOAD Drivers/STM32L4xx_HAL_Driver/Src/stm32l4xx_hal_dma_ex.o
LOAD Drivers/STM32L4xx_HAL_Driver/Src/stm32l4xx_hal_exti.o
LOAD Drivers/STM32L4xx_HAL_Driver/Src/stm32l4xx_hal_flash.o
LOAD Drivers/STM32L4xx_HAL_Driver/Src/stm32l4xx_hal_flash_ex.o
LOAD Drivers/STM32L4xx_HAL_Driver/Src/stm32l4xx_hal_flash_ramfunc.o
LOAD Drivers/STM32L4xx_HAL_Driver/Src/stm32l4xx_hal_gpio.o
LOAD Drivers/STM32L4xx_HAL_Driver/Src/stm32l4xx_hal_i2c.o
LOAD Drivers/STM32L4xx_HAL_Driver/Src/stm32l4xx_hal_i2c_ex.o
LOAD Drivers/STM32L4xx_HAL_Driver/Src/stm32l4xx_hal_pwr.o
LOAD Drivers/STM32L4xx_HAL_Driver/Src/stm32l4xx_hal_pwr_ex.o
LOAD Drivers/STM32L4xx_HAL_Driver/Src/stm32l4xx_hal_rcc.o
LOAD Drivers/STM32L4xx_HAL_Driver/Src/stm32l4xx_hal_rcc_ex.o
LOAD Drivers/STM32L4xx_HAL_Driver/Src/stm32l4xx_hal_tim.o
LOAD Drivers/STM32L4xx_HAL_Driver/Src/stm32l4xx_hal_tim_ex.o
LOAD Drivers/STM32L4xx_HAL_Driver/Src/stm32l4xx_hal_uart.o
LOAD Drivers/STM32L4xx_HAL_Driver/Src/stm32l4xx_hal_uart_ex.o
START GROUP
LOAD c:/st/stm32cubeide_1.4.0/stm32cubeide/plugins/com.st.stm32cube.ide.mcu.externaltools.gnu-tools-for-stm32.7-2018-q2-update.win32_1.4.0.202007081208/tools/bin/../lib/gcc/arm-none-eabi/7.3.1/../../../../arm-none-eabi/lib/thumb/v7e-m/fpv4-sp/hard\libc_nano.a
LOAD c:/st/stm32cubeide_1.4.0/stm32cubeide/plugins/com.st.stm32cube.ide.mcu.externaltools.gnu-tools-for-stm32.7-2018-q2-update.win32_1.4.0.202007081208/tools/bin/../lib/gcc/arm-none-eabi/7.3.1/../../../../arm-none-eabi/lib/thumb/v7e-m/fpv4-sp/hard\libm.a
END GROUP
START GROUP
LOAD c:/st/stm32cubeide_1.4.0/stm32cubeide/plugins/com.st.stm32cube.ide.mcu.externaltools.gnu-tools-for-stm32.7-2018-q2-update.win32_1.4.0.202007081208/tools/bin/../lib/gcc/arm-none-eabi/7.3.1/thumb/v7e-m/fpv4-sp/hard\libgcc.a
LOAD c:/st/stm32cubeide_1.4.0/stm32cubeide/plugins/com.st.stm32cube.ide.mcu.externaltools.gnu-tools-for-stm32.7-2018-q2-update.win32_1.4.0.202007081208/tools/bin/../lib/gcc/arm-none-eabi/7.3.1/../../../../arm-none-eabi/lib/thumb/v7e-m/fpv4-sp/hard\libc_nano.a
END GROUP
START GROUP
LOAD c:/st/stm32cubeide_1.4.0/stm32cubeide/plugins/com.st.stm32cube.ide.mcu.externaltools.gnu-tools-for-stm32.7-2018-q2-update.win32_1.4.0.202007081208/tools/bin/../lib/gcc/arm-none-eabi/7.3.1/thumb/v7e-m/fpv4-sp/hard\libgcc.a
LOAD c:/st/stm32cubeide_1.4.0/stm32cubeide/plugins/com.st.stm32cube.ide.mcu.externaltools.gnu-tools-for-stm32.7-2018-q2-update.win32_1.4.0.202007081208/tools/bin/../lib/gcc/arm-none-eabi/7.3.1/../../../../arm-none-eabi/lib/thumb/v7e-m/fpv4-sp/hard\libc_nano.a
LOAD c:/st/stm32cubeide_1.4.0/stm32cubeide/plugins/com.st.stm32cube.ide.mcu.externaltools.gnu-tools-for-stm32.7-2018-q2-update.win32_1.4.0.202007081208/tools/bin/../lib/gcc/arm-none-eabi/7.3.1/../../../../arm-none-eabi/lib/thumb/v7e-m/fpv4-sp/hard\libnosys.a
END GROUP
START GROUP
LOAD c:/st/stm32cubeide_1.4.0/stm32cubeide/plugins/com.st.stm32cube.ide.mcu.externaltools.gnu-tools-for-stm32.7-2018-q2-update.win32_1.4.0.202007081208/tools/bin/../lib/gcc/arm-none-eabi/7.3.1/thumb/v7e-m/fpv4-sp/hard\libgcc.a
LOAD c:/st/stm32cubeide_1.4.0/stm32cubeide/plugins/com.st.stm32cube.ide.mcu.externaltools.gnu-tools-for-stm32.7-2018-q2-update.win32_1.4.0.202007081208/tools/bin/../lib/gcc/arm-none-eabi/7.3.1/../../../../arm-none-eabi/lib/thumb/v7e-m/fpv4-sp/hard\libc_nano.a
LOAD c:/st/stm32cubeide_1.4.0/stm32cubeide/plugins/com.st.stm32cube.ide.mcu.externaltools.gnu-tools-for-stm32.7-2018-q2-update.win32_1.4.0.202007081208/tools/bin/../lib/gcc/arm-none-eabi/7.3.1/../../../../arm-none-eabi/lib/thumb/v7e-m/fpv4-sp/hard\libnosys.a
END GROUP
LOAD c:/st/stm32cubeide_1.4.0/stm32cubeide/plugins/com.st.stm32cube.ide.mcu.externaltools.gnu-tools-for-stm32.7-2018-q2-update.win32_1.4.0.202007081208/tools/bin/../lib/gcc/arm-none-eabi/7.3.1/thumb/v7e-m/fpv4-sp/hard/crtend.o
LOAD c:/st/stm32cubeide_1.4.0/stm32cubeide/plugins/com.st.stm32cube.ide.mcu.externaltools.gnu-tools-for-stm32.7-2018-q2-update.win32_1.4.0.202007081208/tools/bin/../lib/gcc/arm-none-eabi/7.3.1/thumb/v7e-m/fpv4-sp/hard/crtn.o
                0x0000000020018000                _estack = (ORIGIN (RAM) + LENGTH (RAM))
                0x0000000000000200                _Min_Heap_Size = 0x200
                0x0000000000000400                _Min_Stack_Size = 0x400

.isr_vector     0x0000000008000000      0x188
                0x0000000008000000                . = ALIGN (0x4)
 *(.isr_vector)
 .isr_vector    0x0000000008000000      0x188 Core/Startup/startup_stm32l476rgtx.o
                0x0000000008000000                g_pfnVectors
                0x0000000008000188                . = ALIGN (0x4)

.text           0x0000000008000188     0x3518
                0x0000000008000188                . = ALIGN (0x4)
 *(.text)
 .text          0x0000000008000188       0x40 c:/st/stm32cubeide_1.4.0/stm32cubeide/plugins/com.st.stm32cube.ide.mcu.externaltools.gnu-tools-for-stm32.7-2018-q2-update.win32_1.4.0.202007081208/tools/bin/../lib/gcc/arm-none-eabi/7.3.1/thumb/v7e-m/fpv4-sp/hard/crtbegin.o
 .text          0x00000000080001c8       0x10 c:/st/stm32cubeide_1.4.0/stm32cubeide/plugins/com.st.stm32cube.ide.mcu.externaltools.gnu-tools-for-stm32.7-2018-q2-update.win32_1.4.0.202007081208/tools/bin/../lib/gcc/arm-none-eabi/7.3.1/../../../../arm-none-eabi/lib/thumb/v7e-m/fpv4-sp/hard\libc_nano.a(lib_a-strlen.o)
                0x00000000080001c8                strlen
 .text          0x00000000080001d8       0x30 c:/st/stm32cubeide_1.4.0/stm32cubeide/plugins/com.st.stm32cube.ide.mcu.externaltools.gnu-tools-for-stm32.7-2018-q2-update.win32_1.4.0.202007081208/tools/bin/../lib/gcc/arm-none-eabi/7.3.1/thumb/v7e-m/fpv4-sp/hard\libgcc.a(_aeabi_uldivmod.o)
                0x00000000080001d8                __aeabi_uldivmod
 .text          0x0000000008000208      0x2cc c:/st/stm32cubeide_1.4.0/stm32cubeide/plugins/com.st.stm32cube.ide.mcu.externaltools.gnu-tools-for-stm32.7-2018-q2-update.win32_1.4.0.202007081208/tools/bin/../lib/gcc/arm-none-eabi/7.3.1/thumb/v7e-m/fpv4-sp/hard\libgcc.a(_udivmoddi4.o)
                0x0000000008000208                __udivmoddi4
 .text          0x00000000080004d4        0x4 c:/st/stm32cubeide_1.4.0/stm32cubeide/plugins/com.st.stm32cube.ide.mcu.externaltools.gnu-tools-for-stm32.7-2018-q2-update.win32_1.4.0.202007081208/tools/bin/../lib/gcc/arm-none-eabi/7.3.1/thumb/v7e-m/fpv4-sp/hard\libgcc.a(_dvmd_tls.o)
                0x00000000080004d4                __aeabi_idiv0
                0x00000000080004d4                __aeabi_ldiv0
 *(.text*)
 .text.save_to_flash
                0x00000000080004d8      0x198 Core/Src/main.o
                0x00000000080004d8                save_to_flash
 .text.read_flash
                0x0000000008000670       0x78 Core/Src/main.o
                0x0000000008000670                read_flash
 .text.main     0x00000000080006e8      0x100 Core/Src/main.o
                0x00000000080006e8                main
 .text.SystemClock_Config
                0x00000000080007e8       0xe4 Core/Src/main.o
                0x00000000080007e8                SystemClock_Config
 .text.MX_USART2_UART_Init
                0x00000000080008cc       0x60 Core/Src/main.o
 .text.MX_GPIO_Init
                0x000000000800092c       0xd0 Core/Src/main.o
 .text.Error_Handler
                0x00000000080009fc        0xe Core/Src/main.o
                0x00000000080009fc                Error_Handler
 *fill*         0x0000000008000a0a        0x2 
 .text.HAL_MspInit
                0x0000000008000a0c       0x48 Core/Src/stm32l4xx_hal_msp.o
                0x0000000008000a0c                HAL_MspInit
 .text.HAL_UART_MspInit
                0x0000000008000a54       0x84 Core/Src/stm32l4xx_hal_msp.o
                0x0000000008000a54                HAL_UART_MspInit
 .text.NMI_Handler
                0x0000000008000ad8        0xe Core/Src/stm32l4xx_it.o
                0x0000000008000ad8                NMI_Handler
 .text.HardFault_Handler
                0x0000000008000ae6        0x6 Core/Src/stm32l4xx_it.o
                0x0000000008000ae6                HardFault_Handler
 .text.MemManage_Handler
                0x0000000008000aec        0x6 Core/Src/stm32l4xx_it.o
                0x0000000008000aec                MemManage_Handler
 .text.BusFault_Handler
                0x0000000008000af2        0x6 Core/Src/stm32l4xx_it.o
                0x0000000008000af2                BusFault_Handler
 .text.UsageFault_Handler
                0x0000000008000af8        0x6 Core/Src/stm32l4xx_it.o
                0x0000000008000af8                UsageFault_Handler
 .text.SVC_Handler
                0x0000000008000afe        0xe Core/Src/stm32l4xx_it.o
                0x0000000008000afe                SVC_Handler
 .text.DebugMon_Handler
                0x0000000008000b0c        0xe Core/Src/stm32l4xx_it.o
                0x0000000008000b0c                DebugMon_Handler
 .text.PendSV_Handler
                0x0000000008000b1a        0xe Core/Src/stm32l4xx_it.o
                0x0000000008000b1a                PendSV_Handler
 .text.SysTick_Handler
                0x0000000008000b28        0xc Core/Src/stm32l4xx_it.o
                0x0000000008000b28                SysTick_Handler
 .text.SystemInit
                0x0000000008000b34       0x6c Core/Src/system_stm32l4xx.o
                0x0000000008000b34                SystemInit
 .text.Reset_Handler
                0x0000000008000ba0       0x50 Core/Startup/startup_stm32l476rgtx.o
                0x0000000008000ba0                Reset_Handler
 .text.Default_Handler
                0x0000000008000bf0        0x2 Core/Startup/startup_stm32l476rgtx.o
                0x0000000008000bf0                RTC_Alarm_IRQHandler
                0x0000000008000bf0                EXTI2_IRQHandler
                0x0000000008000bf0                TIM8_TRG_COM_IRQHandler
                0x0000000008000bf0                TIM8_CC_IRQHandler
                0x0000000008000bf0                TIM1_CC_IRQHandler
                0x0000000008000bf0                TSC_IRQHandler
                0x0000000008000bf0                TAMP_STAMP_IRQHandler
                0x0000000008000bf0                EXTI3_IRQHandler
                0x0000000008000bf0                LPTIM2_IRQHandler
                0x0000000008000bf0                DFSDM1_FLT1_IRQHandler
                0x0000000008000bf0                I2C3_ER_IRQHandler
                0x0000000008000bf0                DFSDM1_FLT2_IRQHandler
                0x0000000008000bf0                EXTI0_IRQHandler
                0x0000000008000bf0                I2C2_EV_IRQHandler
                0x0000000008000bf0                CAN1_RX0_IRQHandler
                0x0000000008000bf0                FPU_IRQHandler
                0x0000000008000bf0                TIM1_UP_TIM16_IRQHandler
                0x0000000008000bf0                ADC1_2_IRQHandler
                0x0000000008000bf0                SPI1_IRQHandler
                0x0000000008000bf0                TIM6_DAC_IRQHandler
                0x0000000008000bf0                TIM8_UP_IRQHandler
                0x0000000008000bf0                DMA2_Channel2_IRQHandler
                0x0000000008000bf0                DMA1_Channel4_IRQHandler
                0x0000000008000bf0                SAI2_IRQHandler
                0x0000000008000bf0                DFSDM1_FLT3_IRQHandler
                0x0000000008000bf0                USART3_IRQHandler
                0x0000000008000bf0                DMA1_Channel7_IRQHandler
                0x0000000008000bf0                CAN1_RX1_IRQHandler
                0x0000000008000bf0                LCD_IRQHandler
                0x0000000008000bf0                UART5_IRQHandler
                0x0000000008000bf0                ADC3_IRQHandler
                0x0000000008000bf0                TIM4_IRQHandler
                0x0000000008000bf0                DMA2_Channel1_IRQHandler
                0x0000000008000bf0                QUADSPI_IRQHandler
                0x0000000008000bf0                I2C1_EV_IRQHandler
                0x0000000008000bf0                DMA1_Channel6_IRQHandler
                0x0000000008000bf0                UART4_IRQHandler
                0x0000000008000bf0                DMA2_Channel4_IRQHandler
                0x0000000008000bf0                TIM3_IRQHandler
                0x0000000008000bf0                RCC_IRQHandler
                0x0000000008000bf0                DMA1_Channel1_IRQHandler
                0x0000000008000bf0                Default_Handler
                0x0000000008000bf0                DMA2_Channel7_IRQHandler
                0x0000000008000bf0                EXTI15_10_IRQHandler
                0x0000000008000bf0                TIM7_IRQHandler
                0x0000000008000bf0                SDMMC1_IRQHandler
                0x0000000008000bf0                TIM5_IRQHandler
                0x0000000008000bf0                I2C3_EV_IRQHandler
                0x0000000008000bf0                EXTI9_5_IRQHandler
                0x0000000008000bf0                RTC_WKUP_IRQHandler
                0x0000000008000bf0                PVD_PVM_IRQHandler
                0x0000000008000bf0                SPI2_IRQHandler
                0x0000000008000bf0                CAN1_TX_IRQHandler
                0x0000000008000bf0                DMA2_Channel5_IRQHandler
                0x0000000008000bf0                DMA1_Channel5_IRQHandler
                0x0000000008000bf0                EXTI4_IRQHandler
                0x0000000008000bf0                RNG_IRQHandler
                0x0000000008000bf0                TIM1_TRG_COM_TIM17_IRQHandler
                0x0000000008000bf0                DMA1_Channel3_IRQHandler
                0x0000000008000bf0                COMP_IRQHandler
                0x0000000008000bf0                WWDG_IRQHandler
                0x0000000008000bf0                LPUART1_IRQHandler
                0x0000000008000bf0                DMA2_Channel6_IRQHandler
                0x0000000008000bf0                TIM2_IRQHandler
                0x0000000008000bf0                EXTI1_IRQHandler
                0x0000000008000bf0                USART2_IRQHandler
                0x0000000008000bf0                DFSDM1_FLT0_IRQHandler
                0x0000000008000bf0                I2C2_ER_IRQHandler
                0x0000000008000bf0                DMA1_Channel2_IRQHandler
                0x0000000008000bf0                TIM8_BRK_IRQHandler
                0x0000000008000bf0                CAN1_SCE_IRQHandler
                0x0000000008000bf0                FLASH_IRQHandler
                0x0000000008000bf0                USART1_IRQHandler
                0x0000000008000bf0                OTG_FS_IRQHandler
                0x0000000008000bf0                SPI3_IRQHandler
                0x0000000008000bf0                I2C1_ER_IRQHandler
                0x0000000008000bf0                FMC_IRQHandler
                0x0000000008000bf0                SWPMI1_IRQHandler
                0x0000000008000bf0                LPTIM1_IRQHandler
                0x0000000008000bf0                SAI1_IRQHandler
                0x0000000008000bf0                DMA2_Channel3_IRQHandler
                0x0000000008000bf0                TIM1_BRK_TIM15_IRQHandler
 *fill*         0x0000000008000bf2        0x2 
 .text.HAL_Init
                0x0000000008000bf4       0x40 Drivers/STM32L4xx_HAL_Driver/Src/stm32l4xx_hal.o
                0x0000000008000bf4                HAL_Init
 .text.HAL_InitTick
                0x0000000008000c34       0x78 Drivers/STM32L4xx_HAL_Driver/Src/stm32l4xx_hal.o
                0x0000000008000c34                HAL_InitTick
 .text.HAL_IncTick
                0x0000000008000cac       0x28 Drivers/STM32L4xx_HAL_Driver/Src/stm32l4xx_hal.o
                0x0000000008000cac                HAL_IncTick
 .text.HAL_GetTick
                0x0000000008000cd4       0x18 Drivers/STM32L4xx_HAL_Driver/Src/stm32l4xx_hal.o
                0x0000000008000cd4                HAL_GetTick
 .text.__NVIC_SetPriorityGrouping
                0x0000000008000cec       0x48 Drivers/STM32L4xx_HAL_Driver/Src/stm32l4xx_hal_cortex.o
 .text.__NVIC_GetPriorityGrouping
                0x0000000008000d34       0x1c Drivers/STM32L4xx_HAL_Driver/Src/stm32l4xx_hal_cortex.o
 .text.__NVIC_SetPriority
                0x0000000008000d50       0x54 Drivers/STM32L4xx_HAL_Driver/Src/stm32l4xx_hal_cortex.o
 .text.NVIC_EncodePriority
                0x0000000008000da4       0x66 Drivers/STM32L4xx_HAL_Driver/Src/stm32l4xx_hal_cortex.o
 *fill*         0x0000000008000e0a        0x2 
 .text.SysTick_Config
                0x0000000008000e0c       0x44 Drivers/STM32L4xx_HAL_Driver/Src/stm32l4xx_hal_cortex.o
 .text.HAL_NVIC_SetPriorityGrouping
                0x0000000008000e50       0x16 Drivers/STM32L4xx_HAL_Driver/Src/stm32l4xx_hal_cortex.o
                0x0000000008000e50                HAL_NVIC_SetPriorityGrouping
 .text.HAL_NVIC_SetPriority
                0x0000000008000e66       0x38 Drivers/STM32L4xx_HAL_Driver/Src/stm32l4xx_hal_cortex.o
                0x0000000008000e66                HAL_NVIC_SetPriority
 .text.HAL_SYSTICK_Config
                0x0000000008000e9e       0x18 Drivers/STM32L4xx_HAL_Driver/Src/stm32l4xx_hal_cortex.o
                0x0000000008000e9e                HAL_SYSTICK_Config
 *fill*         0x0000000008000eb6        0x2 
 .text.HAL_FLASH_Program
                0x0000000008000eb8       0xd8 Drivers/STM32L4xx_HAL_Driver/Src/stm32l4xx_hal_flash.o
                0x0000000008000eb8                HAL_FLASH_Program
 .text.HAL_FLASH_Unlock
                0x0000000008000f90       0x44 Drivers/STM32L4xx_HAL_Driver/Src/stm32l4xx_hal_flash.o
                0x0000000008000f90                HAL_FLASH_Unlock
 .text.HAL_FLASH_Lock
                0x0000000008000fd4       0x20 Drivers/STM32L4xx_HAL_Driver/Src/stm32l4xx_hal_flash.o
                0x0000000008000fd4                HAL_FLASH_Lock
 .text.HAL_FLASH_OB_Unlock
                0x0000000008000ff4       0x38 Drivers/STM32L4xx_HAL_Driver/Src/stm32l4xx_hal_flash.o
                0x0000000008000ff4                HAL_FLASH_OB_Unlock
 .text.HAL_FLASH_OB_Lock
                0x000000000800102c       0x20 Drivers/STM32L4xx_HAL_Driver/Src/stm32l4xx_hal_flash.o
                0x000000000800102c                HAL_FLASH_OB_Lock
 .text.FLASH_WaitForLastOperation
                0x000000000800104c       0xac Drivers/STM32L4xx_HAL_Driver/Src/stm32l4xx_hal_flash.o
                0x000000000800104c                FLASH_WaitForLastOperation
 .text.FLASH_Program_DoubleWord
                0x00000000080010f8       0x48 Drivers/STM32L4xx_HAL_Driver/Src/stm32l4xx_hal_flash.o
 .text.FLASH_Program_Fast
                0x0000000008001140       0x68 Drivers/STM32L4xx_HAL_Driver/Src/stm32l4xx_hal_flash.o
 .text.HAL_FLASHEx_Erase
                0x00000000080011a8      0x144 Drivers/STM32L4xx_HAL_Driver/Src/stm32l4xx_hal_flash_ex.o
                0x00000000080011a8                HAL_FLASHEx_Erase
 .text.FLASH_MassErase
                0x00000000080012ec       0x50 Drivers/STM32L4xx_HAL_Driver/Src/stm32l4xx_hal_flash_ex.o
 .text.FLASH_PageErase
                0x000000000800133c       0x6c Drivers/STM32L4xx_HAL_Driver/Src/stm32l4xx_hal_flash_ex.o
                0x000000000800133c                FLASH_PageErase
 .text.FLASH_FlushCaches
                0x00000000080013a8       0x88 Drivers/STM32L4xx_HAL_Driver/Src/stm32l4xx_hal_flash_ex.o
                0x00000000080013a8                FLASH_FlushCaches
 .text.HAL_GPIO_Init
                0x0000000008001430      0x350 Drivers/STM32L4xx_HAL_Driver/Src/stm32l4xx_hal_gpio.o
                0x0000000008001430                HAL_GPIO_Init
 .text.HAL_GPIO_WritePin
                0x0000000008001780       0x30 Drivers/STM32L4xx_HAL_Driver/Src/stm32l4xx_hal_gpio.o
                0x0000000008001780                HAL_GPIO_WritePin
 .text.HAL_PWREx_GetVoltageRange
                0x00000000080017b0       0x1c Drivers/STM32L4xx_HAL_Driver/Src/stm32l4xx_hal_pwr_ex.o
                0x00000000080017b0                HAL_PWREx_GetVoltageRange
 .text.HAL_PWREx_ControlVoltageScaling
                0x00000000080017cc       0xac Drivers/STM32L4xx_HAL_Driver/Src/stm32l4xx_hal_pwr_ex.o
                0x00000000080017cc                HAL_PWREx_ControlVoltageScaling
 .text.HAL_RCC_OscConfig
                0x0000000008001878      0x7cc Drivers/STM32L4xx_HAL_Driver/Src/stm32l4xx_hal_rcc.o
                0x0000000008001878                HAL_RCC_OscConfig
 .text.HAL_RCC_ClockConfig
                0x0000000008002044      0x1c4 Drivers/STM32L4xx_HAL_Driver/Src/stm32l4xx_hal_rcc.o
                0x0000000008002044                HAL_RCC_ClockConfig
 .text.HAL_RCC_GetSysClockFreq
                0x0000000008002208      0x114 Drivers/STM32L4xx_HAL_Driver/Src/stm32l4xx_hal_rcc.o
                0x0000000008002208                HAL_RCC_GetSysClockFreq
 .text.HAL_RCC_GetHCLKFreq
                0x000000000800231c       0x18 Drivers/STM32L4xx_HAL_Driver/Src/stm32l4xx_hal_rcc.o
                0x000000000800231c                HAL_RCC_GetHCLKFreq
 .text.HAL_RCC_GetPCLK1Freq
                0x0000000008002334       0x2c Drivers/STM32L4xx_HAL_Driver/Src/stm32l4xx_hal_rcc.o
                0x0000000008002334                HAL_RCC_GetPCLK1Freq
 .text.HAL_RCC_GetPCLK2Freq
                0x0000000008002360       0x2c Drivers/STM32L4xx_HAL_Driver/Src/stm32l4xx_hal_rcc.o
                0x0000000008002360                HAL_RCC_GetPCLK2Freq
 .text.RCC_SetFlashLatencyFromMSIRange
                0x000000000800238c       0xc0 Drivers/STM32L4xx_HAL_Driver/Src/stm32l4xx_hal_rcc.o
 .text.HAL_RCCEx_PeriphCLKConfig
                0x000000000800244c      0x5cc Drivers/STM32L4xx_HAL_Driver/Src/stm32l4xx_hal_rcc_ex.o
                0x000000000800244c                HAL_RCCEx_PeriphCLKConfig
 .text.RCCEx_PLLSAI1_Config
                0x0000000008002a18      0x1e0 Drivers/STM32L4xx_HAL_Driver/Src/stm32l4xx_hal_rcc_ex.o
 .text.RCCEx_PLLSAI2_Config
                0x0000000008002bf8      0x1b4 Drivers/STM32L4xx_HAL_Driver/Src/stm32l4xx_hal_rcc_ex.o
 .text.HAL_UART_Init
                0x0000000008002dac       0x9c Drivers/STM32L4xx_HAL_Driver/Src/stm32l4xx_hal_uart.o
                0x0000000008002dac                HAL_UART_Init
 .text.UART_SetConfig
                0x0000000008002e48      0x514 Drivers/STM32L4xx_HAL_Driver/Src/stm32l4xx_hal_uart.o
                0x0000000008002e48                UART_SetConfig
 .text.UART_AdvFeatureConfig
                0x000000000800335c      0x144 Drivers/STM32L4xx_HAL_Driver/Src/stm32l4xx_hal_uart.o
                0x000000000800335c                UART_AdvFeatureConfig
 .text.UART_CheckIdleState
                0x00000000080034a0       0x8a Drivers/STM32L4xx_HAL_Driver/Src/stm32l4xx_hal_uart.o
                0x00000000080034a0                UART_CheckIdleState
 .text.UART_WaitOnFlagUntilTimeout
                0x000000000800352a       0xf6 Drivers/STM32L4xx_HAL_Driver/Src/stm32l4xx_hal_uart.o
                0x000000000800352a                UART_WaitOnFlagUntilTimeout
 .text.__libc_init_array
                0x0000000008003620       0x48 c:/st/stm32cubeide_1.4.0/stm32cubeide/plugins/com.st.stm32cube.ide.mcu.externaltools.gnu-tools-for-stm32.7-2018-q2-update.win32_1.4.0.202007081208/tools/bin/../lib/gcc/arm-none-eabi/7.3.1/../../../../arm-none-eabi/lib/thumb/v7e-m/fpv4-sp/hard\libc_nano.a(lib_a-init.o)
                0x0000000008003620                __libc_init_array
 .text.memset   0x0000000008003668       0x10 c:/st/stm32cubeide_1.4.0/stm32cubeide/plugins/com.st.stm32cube.ide.mcu.externaltools.gnu-tools-for-stm32.7-2018-q2-update.win32_1.4.0.202007081208/tools/bin/../lib/gcc/arm-none-eabi/7.3.1/../../../../arm-none-eabi/lib/thumb/v7e-m/fpv4-sp/hard\libc_nano.a(lib_a-memset.o)
                0x0000000008003668                memset
 .text.strcpy   0x0000000008003678       0x10 c:/st/stm32cubeide_1.4.0/stm32cubeide/plugins/com.st.stm32cube.ide.mcu.externaltools.gnu-tools-for-stm32.7-2018-q2-update.win32_1.4.0.202007081208/tools/bin/../lib/gcc/arm-none-eabi/7.3.1/../../../../arm-none-eabi/lib/thumb/v7e-m/fpv4-sp/hard\libc_nano.a(lib_a-strcpy.o)
                0x0000000008003678                strcpy
 *(.glue_7)
 .glue_7        0x0000000008003688        0x0 linker stubs
 *(.glue_7t)
 .glue_7t       0x0000000008003688        0x0 linker stubs
 *(.eh_frame)
 .eh_frame      0x0000000008003688        0x0 c:/st/stm32cubeide_1.4.0/stm32cubeide/plugins/com.st.stm32cube.ide.mcu.externaltools.gnu-tools-for-stm32.7-2018-q2-update.win32_1.4.0.202007081208/tools/bin/../lib/gcc/arm-none-eabi/7.3.1/thumb/v7e-m/fpv4-sp/hard/crtbegin.o
 *(.init)
 .init          0x0000000008003688        0x4 c:/st/stm32cubeide_1.4.0/stm32cubeide/plugins/com.st.stm32cube.ide.mcu.externaltools.gnu-tools-for-stm32.7-2018-q2-update.win32_1.4.0.202007081208/tools/bin/../lib/gcc/arm-none-eabi/7.3.1/thumb/v7e-m/fpv4-sp/hard/crti.o
                0x0000000008003688                _init
 .init          0x000000000800368c        0x8 c:/st/stm32cubeide_1.4.0/stm32cubeide/plugins/com.st.stm32cube.ide.mcu.externaltools.gnu-tools-for-stm32.7-2018-q2-update.win32_1.4.0.202007081208/tools/bin/../lib/gcc/arm-none-eabi/7.3.1/thumb/v7e-m/fpv4-sp/hard/crtn.o
 *(.fini)
 .fini          0x0000000008003694        0x4 c:/st/stm32cubeide_1.4.0/stm32cubeide/plugins/com.st.stm32cube.ide.mcu.externaltools.gnu-tools-for-stm32.7-2018-q2-update.win32_1.4.0.202007081208/tools/bin/../lib/gcc/arm-none-eabi/7.3.1/thumb/v7e-m/fpv4-sp/hard/crti.o
                0x0000000008003694                _fini
 .fini          0x0000000008003698        0x8 c:/st/stm32cubeide_1.4.0/stm32cubeide/plugins/com.st.stm32cube.ide.mcu.externaltools.gnu-tools-for-stm32.7-2018-q2-update.win32_1.4.0.202007081208/tools/bin/../lib/gcc/arm-none-eabi/7.3.1/thumb/v7e-m/fpv4-sp/hard/crtn.o
                0x00000000080036a0                . = ALIGN (0x4)
                0x00000000080036a0                _etext = .

.vfp11_veneer   0x00000000080036a0        0x0
 .vfp11_veneer  0x00000000080036a0        0x0 linker stubs

.v4_bx          0x00000000080036a0        0x0
 .v4_bx         0x00000000080036a0        0x0 linker stubs

.iplt           0x00000000080036a0        0x0
 .iplt          0x00000000080036a0        0x0 c:/st/stm32cubeide_1.4.0/stm32cubeide/plugins/com.st.stm32cube.ide.mcu.externaltools.gnu-tools-for-stm32.7-2018-q2-update.win32_1.4.0.202007081208/tools/bin/../lib/gcc/arm-none-eabi/7.3.1/thumb/v7e-m/fpv4-sp/hard/crtbegin.o

.rodata         0x00000000080036a0       0x48
                0x00000000080036a0                . = ALIGN (0x4)
 *(.rodata)
 *(.rodata*)
 .rodata.AHBPrescTable
                0x00000000080036a0       0x10 Core/Src/system_stm32l4xx.o
                0x00000000080036a0                AHBPrescTable
 .rodata.APBPrescTable
                0x00000000080036b0        0x8 Core/Src/system_stm32l4xx.o
                0x00000000080036b0                APBPrescTable
 .rodata.MSIRangeTable
                0x00000000080036b8       0x30 Core/Src/system_stm32l4xx.o
                0x00000000080036b8                MSIRangeTable
                0x00000000080036e8                . = ALIGN (0x4)

.ARM.extab      0x00000000080036e8        0x0
                0x00000000080036e8                . = ALIGN (0x4)
 *(.ARM.extab* .gnu.linkonce.armextab.*)
                0x00000000080036e8                . = ALIGN (0x4)

.ARM            0x00000000080036e8        0x8
                0x00000000080036e8                . = ALIGN (0x4)
                0x00000000080036e8                __exidx_start = .
 *(.ARM.exidx*)
 .ARM.exidx     0x00000000080036e8        0x8 c:/st/stm32cubeide_1.4.0/stm32cubeide/plugins/com.st.stm32cube.ide.mcu.externaltools.gnu-tools-for-stm32.7-2018-q2-update.win32_1.4.0.202007081208/tools/bin/../lib/gcc/arm-none-eabi/7.3.1/thumb/v7e-m/fpv4-sp/hard\libgcc.a(_udivmoddi4.o)
                0x00000000080036f0                __exidx_end = .
                0x00000000080036f0                . = ALIGN (0x4)

.rel.dyn        0x00000000080036f0        0x0
 .rel.iplt      0x00000000080036f0        0x0 c:/st/stm32cubeide_1.4.0/stm32cubeide/plugins/com.st.stm32cube.ide.mcu.externaltools.gnu-tools-for-stm32.7-2018-q2-update.win32_1.4.0.202007081208/tools/bin/../lib/gcc/arm-none-eabi/7.3.1/thumb/v7e-m/fpv4-sp/hard/crtbegin.o

.preinit_array  0x00000000080036f0        0x0
                0x00000000080036f0                . = ALIGN (0x4)
                0x00000000080036f0                PROVIDE (__preinit_array_start = .)
 *(.preinit_array*)
                0x00000000080036f0                PROVIDE (__preinit_array_end = .)
                0x00000000080036f0                . = ALIGN (0x4)

.init_array     0x00000000080036f0        0x4
                0x00000000080036f0                . = ALIGN (0x4)
                0x00000000080036f0                PROVIDE (__init_array_start = .)
 *(SORT_BY_NAME(.init_array.*))
 *(.init_array*)
 .init_array    0x00000000080036f0        0x4 c:/st/stm32cubeide_1.4.0/stm32cubeide/plugins/com.st.stm32cube.ide.mcu.externaltools.gnu-tools-for-stm32.7-2018-q2-update.win32_1.4.0.202007081208/tools/bin/../lib/gcc/arm-none-eabi/7.3.1/thumb/v7e-m/fpv4-sp/hard/crtbegin.o
                0x00000000080036f4                PROVIDE (__init_array_end = .)
                0x00000000080036f4                . = ALIGN (0x4)

.fini_array     0x00000000080036f4        0x4
                0x00000000080036f4                . = ALIGN (0x4)
                [!provide]                        PROVIDE (__fini_array_start = .)
 *(SORT_BY_NAME(.fini_array.*))
 *(.fini_array*)
 .fini_array    0x00000000080036f4        0x4 c:/st/stm32cubeide_1.4.0/stm32cubeide/plugins/com.st.stm32cube.ide.mcu.externaltools.gnu-tools-for-stm32.7-2018-q2-update.win32_1.4.0.202007081208/tools/bin/../lib/gcc/arm-none-eabi/7.3.1/thumb/v7e-m/fpv4-sp/hard/crtbegin.o
                [!provide]                        PROVIDE (__fini_array_end = .)
                0x00000000080036f8                . = ALIGN (0x4)
                0x00000000080036f8                _sidata = LOADADDR (.data)

.data           0x0000000020000000       0x2c load address 0x00000000080036f8
                0x0000000020000000                . = ALIGN (0x4)
                0x0000000020000000                _sdata = .
 *(.data)
 *(.data*)
 .data.SystemCoreClock
                0x0000000020000000        0x4 Core/Src/system_stm32l4xx.o
                0x0000000020000000                SystemCoreClock
 .data.uwTickPrio
                0x0000000020000004        0x4 Drivers/STM32L4xx_HAL_Driver/Src/stm32l4xx_hal.o
                0x0000000020000004                uwTickPrio
 .data.uwTickFreq
                0x0000000020000008        0x1 Drivers/STM32L4xx_HAL_Driver/Src/stm32l4xx_hal.o
                0x0000000020000008                uwTickFreq
 *fill*         0x0000000020000009        0x3 
 .data.pFlash   0x000000002000000c       0x20 Drivers/STM32L4xx_HAL_Driver/Src/stm32l4xx_hal_flash.o
                0x000000002000000c                pFlash
                0x000000002000002c                . = ALIGN (0x4)
                0x000000002000002c                _edata = .

.igot.plt       0x000000002000002c        0x0 load address 0x0000000008003724
 .igot.plt      0x000000002000002c        0x0 c:/st/stm32cubeide_1.4.0/stm32cubeide/plugins/com.st.stm32cube.ide.mcu.externaltools.gnu-tools-for-stm32.7-2018-q2-update.win32_1.4.0.202007081208/tools/bin/../lib/gcc/arm-none-eabi/7.3.1/thumb/v7e-m/fpv4-sp/hard/crtbegin.o
                0x000000002000002c                . = ALIGN (0x4)

.bss            0x0000000020000030       0xb8 load address 0x0000000008003724
                0x0000000020000030                _sbss = .
                0x0000000020000030                __bss_start__ = _sbss
 *(.bss)
 .bss           0x0000000020000030       0x1c c:/st/stm32cubeide_1.4.0/stm32cubeide/plugins/com.st.stm32cube.ide.mcu.externaltools.gnu-tools-for-stm32.7-2018-q2-update.win32_1.4.0.202007081208/tools/bin/../lib/gcc/arm-none-eabi/7.3.1/thumb/v7e-m/fpv4-sp/hard/crtbegin.o
 *(.bss*)
 *(COMMON)
 *fill*         0x000000002000004c        0x4 
 COMMON         0x0000000020000050       0x92 Core/Src/main.o
                0x0000000020000050                data_length
                0x0000000020000058                data_to_FLASH
                0x0000000020000060                huart2
                0x00000000200000e0                pages
 *fill*         0x00000000200000e2        0x2 
 COMMON         0x00000000200000e4        0x4 Drivers/STM32L4xx_HAL_Driver/Src/stm32l4xx_hal.o
                0x00000000200000e4                uwTick
                0x00000000200000e8                . = ALIGN (0x4)
                0x00000000200000e8                _ebss = .
                0x00000000200000e8                __bss_end__ = _ebss

._user_heap_stack
                0x00000000200000e8      0x600 load address 0x0000000008003724
                0x00000000200000e8                . = ALIGN (0x8)
                [!provide]                        PROVIDE (end = .)
                0x00000000200000e8                PROVIDE (_end = .)
                0x00000000200002e8                . = (. + _Min_Heap_Size)
 *fill*         0x00000000200000e8      0x200 
                0x00000000200006e8                . = (. + _Min_Stack_Size)
 *fill*         0x00000000200002e8      0x400 
                0x00000000200006e8                . = ALIGN (0x8)

/DISCARD/
 libc.a(*)
 libm.a(*)
 libgcc.a(*)

.ARM.attributes
                0x0000000000000000       0x30
 *(.ARM.attributes)
 .ARM.attributes
                0x0000000000000000       0x22 c:/st/stm32cubeide_1.4.0/stm32cubeide/plugins/com.st.stm32cube.ide.mcu.externaltools.gnu-tools-for-stm32.7-2018-q2-update.win32_1.4.0.202007081208/tools/bin/../lib/gcc/arm-none-eabi/7.3.1/thumb/v7e-m/fpv4-sp/hard/crti.o
 .ARM.attributes
                0x0000000000000022       0x34 c:/st/stm32cubeide_1.4.0/stm32cubeide/plugins/com.st.stm32cube.ide.mcu.externaltools.gnu-tools-for-stm32.7-2018-q2-update.win32_1.4.0.202007081208/tools/bin/../lib/gcc/arm-none-eabi/7.3.1/thumb/v7e-m/fpv4-sp/hard/crtbegin.o
 .ARM.attributes
                0x0000000000000056       0x39 Core/Src/main.o
 .ARM.attributes
                0x000000000000008f       0x39 Core/Src/stm32l4xx_hal_msp.o
 .ARM.attributes
                0x00000000000000c8       0x39 Core/Src/stm32l4xx_it.o
 .ARM.attributes
                0x0000000000000101       0x39 Core/Src/system_stm32l4xx.o
 .ARM.attributes
                0x000000000000013a       0x21 Core/Startup/startup_stm32l476rgtx.o
 .ARM.attributes
                0x000000000000015b       0x39 Drivers/STM32L4xx_HAL_Driver/Src/stm32l4xx_hal.o
 .ARM.attributes
                0x0000000000000194       0x39 Drivers/STM32L4xx_HAL_Driver/Src/stm32l4xx_hal_cortex.o
 .ARM.attributes
                0x00000000000001cd       0x39 Drivers/STM32L4xx_HAL_Driver/Src/stm32l4xx_hal_flash.o
 .ARM.attributes
                0x0000000000000206       0x39 Drivers/STM32L4xx_HAL_Driver/Src/stm32l4xx_hal_flash_ex.o
 .ARM.attributes
                0x000000000000023f       0x39 Drivers/STM32L4xx_HAL_Driver/Src/stm32l4xx_hal_gpio.o
 .ARM.attributes
                0x0000000000000278       0x39 Drivers/STM32L4xx_HAL_Driver/Src/stm32l4xx_hal_pwr_ex.o
 .ARM.attributes
                0x00000000000002b1       0x39 Drivers/STM32L4xx_HAL_Driver/Src/stm32l4xx_hal_rcc.o
 .ARM.attributes
                0x00000000000002ea       0x39 Drivers/STM32L4xx_HAL_Driver/Src/stm32l4xx_hal_rcc_ex.o
 .ARM.attributes
                0x0000000000000323       0x39 Drivers/STM32L4xx_HAL_Driver/Src/stm32l4xx_hal_uart.o
 .ARM.attributes
                0x000000000000035c       0x34 c:/st/stm32cubeide_1.4.0/stm32cubeide/plugins/com.st.stm32cube.ide.mcu.externaltools.gnu-tools-for-stm32.7-2018-q2-update.win32_1.4.0.202007081208/tools/bin/../lib/gcc/arm-none-eabi/7.3.1/../../../../arm-none-eabi/lib/thumb/v7e-m/fpv4-sp/hard\libc_nano.a(lib_a-init.o)
 .ARM.attributes
                0x0000000000000390       0x34 c:/st/stm32cubeide_1.4.0/stm32cubeide/plugins/com.st.stm32cube.ide.mcu.externaltools.gnu-tools-for-stm32.7-2018-q2-update.win32_1.4.0.202007081208/tools/bin/../lib/gcc/arm-none-eabi/7.3.1/../../../../arm-none-eabi/lib/thumb/v7e-m/fpv4-sp/hard\libc_nano.a(lib_a-memset.o)
 .ARM.attributes
                0x00000000000003c4       0x34 c:/st/stm32cubeide_1.4.0/stm32cubeide/plugins/com.st.stm32cube.ide.mcu.externaltools.gnu-tools-for-stm32.7-2018-q2-update.win32_1.4.0.202007081208/tools/bin/../lib/gcc/arm-none-eabi/7.3.1/../../../../arm-none-eabi/lib/thumb/v7e-m/fpv4-sp/hard\libc_nano.a(lib_a-strcpy.o)
 .ARM.attributes
                0x00000000000003f8       0x1b c:/st/stm32cubeide_1.4.0/stm32cubeide/plugins/com.st.stm32cube.ide.mcu.externaltools.gnu-tools-for-stm32.7-2018-q2-update.win32_1.4.0.202007081208/tools/bin/../lib/gcc/arm-none-eabi/7.3.1/../../../../arm-none-eabi/lib/thumb/v7e-m/fpv4-sp/hard\libc_nano.a(lib_a-strlen.o)
 .ARM.attributes
                0x0000000000000413       0x22 c:/st/stm32cubeide_1.4.0/stm32cubeide/plugins/com.st.stm32cube.ide.mcu.externaltools.gnu-tools-for-stm32.7-2018-q2-update.win32_1.4.0.202007081208/tools/bin/../lib/gcc/arm-none-eabi/7.3.1/thumb/v7e-m/fpv4-sp/hard\libgcc.a(_aeabi_uldivmod.o)
 .ARM.attributes
                0x0000000000000435       0x34 c:/st/stm32cubeide_1.4.0/stm32cubeide/plugins/com.st.stm32cube.ide.mcu.externaltools.gnu-tools-for-stm32.7-2018-q2-update.win32_1.4.0.202007081208/tools/bin/../lib/gcc/arm-none-eabi/7.3.1/thumb/v7e-m/fpv4-sp/hard\libgcc.a(_udivmoddi4.o)
 .ARM.attributes
                0x0000000000000469       0x22 c:/st/stm32cubeide_1.4.0/stm32cubeide/plugins/com.st.stm32cube.ide.mcu.externaltools.gnu-tools-for-stm32.7-2018-q2-update.win32_1.4.0.202007081208/tools/bin/../lib/gcc/arm-none-eabi/7.3.1/thumb/v7e-m/fpv4-sp/hard\libgcc.a(_dvmd_tls.o)
 .ARM.attributes
                0x000000000000048b       0x22 c:/st/stm32cubeide_1.4.0/stm32cubeide/plugins/com.st.stm32cube.ide.mcu.externaltools.gnu-tools-for-stm32.7-2018-q2-update.win32_1.4.0.202007081208/tools/bin/../lib/gcc/arm-none-eabi/7.3.1/thumb/v7e-m/fpv4-sp/hard/crtn.o
OUTPUT(Flash_HAL_L476RG.elf elf32-littlearm)

.debug_info     0x0000000000000000     0xa7a5
 .debug_info    0x0000000000000000     0x1a78 Core/Src/main.o
 .debug_info    0x0000000000001a78      0xba2 Core/Src/stm32l4xx_hal_msp.o
 .debug_info    0x000000000000261a      0x349 Core/Src/stm32l4xx_it.o
 .debug_info    0x0000000000002963      0x727 Core/Src/system_stm32l4xx.o
 .debug_info    0x000000000000308a       0x22 Core/Startup/startup_stm32l476rgtx.o
 .debug_info    0x00000000000030ac      0xd2e Drivers/STM32L4xx_HAL_Driver/Src/stm32l4xx_hal.o
 .debug_info    0x0000000000003dda      0xf6d Drivers/STM32L4xx_HAL_Driver/Src/stm32l4xx_hal_cortex.o
 .debug_info    0x0000000000004d47      0x789 Drivers/STM32L4xx_HAL_Driver/Src/stm32l4xx_hal_flash.o
 .debug_info    0x00000000000054d0      0x93e Drivers/STM32L4xx_HAL_Driver/Src/stm32l4xx_hal_flash_ex.o
 .debug_info    0x0000000000005e0e      0x9c2 Drivers/STM32L4xx_HAL_Driver/Src/stm32l4xx_hal_gpio.o
 .debug_info    0x00000000000067d0      0xb35 Drivers/STM32L4xx_HAL_Driver/Src/stm32l4xx_hal_pwr_ex.o
 .debug_info    0x0000000000007305      0xd2f Drivers/STM32L4xx_HAL_Driver/Src/stm32l4xx_hal_rcc.o
 .debug_info    0x0000000000008034      0xf41 Drivers/STM32L4xx_HAL_Driver/Src/stm32l4xx_hal_rcc_ex.o
 .debug_info    0x0000000000008f75     0x1830 Drivers/STM32L4xx_HAL_Driver/Src/stm32l4xx_hal_uart.o

.debug_abbrev   0x0000000000000000     0x1a13
 .debug_abbrev  0x0000000000000000      0x28a Core/Src/main.o
 .debug_abbrev  0x000000000000028a      0x18c Core/Src/stm32l4xx_hal_msp.o
 .debug_abbrev  0x0000000000000416       0xe2 Core/Src/stm32l4xx_it.o
 .debug_abbrev  0x00000000000004f8      0x150 Core/Src/system_stm32l4xx.o
 .debug_abbrev  0x0000000000000648       0x12 Core/Startup/startup_stm32l476rgtx.o
 .debug_abbrev  0x000000000000065a      0x1fb Drivers/STM32L4xx_HAL_Driver/Src/stm32l4xx_hal.o
 .debug_abbrev  0x0000000000000855      0x2fa Drivers/STM32L4xx_HAL_Driver/Src/stm32l4xx_hal_cortex.o
 .debug_abbrev  0x0000000000000b4f      0x2b6 Drivers/STM32L4xx_HAL_Driver/Src/stm32l4xx_hal_flash.o
 .debug_abbrev  0x0000000000000e05      0x201 Drivers/STM32L4xx_HAL_Driver/Src/stm32l4xx_hal_flash_ex.o
 .debug_abbrev  0x0000000000001006      0x1c0 Drivers/STM32L4xx_HAL_Driver/Src/stm32l4xx_hal_gpio.o
 .debug_abbrev  0x00000000000011c6      0x1cb Drivers/STM32L4xx_HAL_Driver/Src/stm32l4xx_hal_pwr_ex.o
 .debug_abbrev  0x0000000000001391      0x245 Drivers/STM32L4xx_HAL_Driver/Src/stm32l4xx_hal_rcc.o
 .debug_abbrev  0x00000000000015d6      0x238 Drivers/STM32L4xx_HAL_Driver/Src/stm32l4xx_hal_rcc_ex.o
 .debug_abbrev  0x000000000000180e      0x205 Drivers/STM32L4xx_HAL_Driver/Src/stm32l4xx_hal_uart.o

.debug_aranges  0x0000000000000000      0x990
 .debug_aranges
                0x0000000000000000       0x50 Core/Src/main.o
 .debug_aranges
                0x0000000000000050       0x30 Core/Src/stm32l4xx_hal_msp.o
 .debug_aranges
                0x0000000000000080       0x60 Core/Src/stm32l4xx_it.o
 .debug_aranges
                0x00000000000000e0       0x28 Core/Src/system_stm32l4xx.o
 .debug_aranges
                0x0000000000000108       0x28 Core/Startup/startup_stm32l476rgtx.o
 .debug_aranges
                0x0000000000000130      0x130 Drivers/STM32L4xx_HAL_Driver/Src/stm32l4xx_hal.o
 .debug_aranges
                0x0000000000000260      0x118 Drivers/STM32L4xx_HAL_Driver/Src/stm32l4xx_hal_cortex.o
 .debug_aranges
                0x0000000000000378       0x88 Drivers/STM32L4xx_HAL_Driver/Src/stm32l4xx_hal_flash.o
 .debug_aranges
                0x0000000000000400       0x90 Drivers/STM32L4xx_HAL_Driver/Src/stm32l4xx_hal_flash_ex.o
 .debug_aranges
                0x0000000000000490       0x58 Drivers/STM32L4xx_HAL_Driver/Src/stm32l4xx_hal_gpio.o
 .debug_aranges
                0x00000000000004e8      0x150 Drivers/STM32L4xx_HAL_Driver/Src/stm32l4xx_hal_pwr_ex.o
 .debug_aranges
                0x0000000000000638       0x88 Drivers/STM32L4xx_HAL_Driver/Src/stm32l4xx_hal_rcc.o
 .debug_aranges
                0x00000000000006c0       0xc0 Drivers/STM32L4xx_HAL_Driver/Src/stm32l4xx_hal_rcc_ex.o
 .debug_aranges
                0x0000000000000780      0x210 Drivers/STM32L4xx_HAL_Driver/Src/stm32l4xx_hal_uart.o

.debug_ranges   0x0000000000000000      0x8b8
 .debug_ranges  0x0000000000000000       0x40 Core/Src/main.o
 .debug_ranges  0x0000000000000040       0x20 Core/Src/stm32l4xx_hal_msp.o
 .debug_ranges  0x0000000000000060       0x50 Core/Src/stm32l4xx_it.o
 .debug_ranges  0x00000000000000b0       0x18 Core/Src/system_stm32l4xx.o
 .debug_ranges  0x00000000000000c8       0x20 Core/Startup/startup_stm32l476rgtx.o
 .debug_ranges  0x00000000000000e8      0x120 Drivers/STM32L4xx_HAL_Driver/Src/stm32l4xx_hal.o
 .debug_ranges  0x0000000000000208      0x108 Drivers/STM32L4xx_HAL_Driver/Src/stm32l4xx_hal_cortex.o
 .debug_ranges  0x0000000000000310       0x78 Drivers/STM32L4xx_HAL_Driver/Src/stm32l4xx_hal_flash.o
 .debug_ranges  0x0000000000000388       0x80 Drivers/STM32L4xx_HAL_Driver/Src/stm32l4xx_hal_flash_ex.o
 .debug_ranges  0x0000000000000408       0x48 Drivers/STM32L4xx_HAL_Driver/Src/stm32l4xx_hal_gpio.o
 .debug_ranges  0x0000000000000450      0x140 Drivers/STM32L4xx_HAL_Driver/Src/stm32l4xx_hal_pwr_ex.o
 .debug_ranges  0x0000000000000590       0x78 Drivers/STM32L4xx_HAL_Driver/Src/stm32l4xx_hal_rcc.o
 .debug_ranges  0x0000000000000608       0xb0 Drivers/STM32L4xx_HAL_Driver/Src/stm32l4xx_hal_rcc_ex.o
 .debug_ranges  0x00000000000006b8      0x200 Drivers/STM32L4xx_HAL_Driver/Src/stm32l4xx_hal_uart.o

.debug_macro    0x0000000000000000     0x9759
 .debug_macro   0x0000000000000000      0x2a1 Core/Src/main.o
 .debug_macro   0x00000000000002a1      0x1a7 Core/Src/main.o
 .debug_macro   0x0000000000000448       0x2e Core/Src/main.o
 .debug_macro   0x0000000000000476       0x43 Core/Src/main.o
 .debug_macro   0x00000000000004b9     0x3890 Core/Src/main.o
 .debug_macro   0x0000000000003d49      0x174 Core/Src/main.o
 .debug_macro   0x0000000000003ebd       0x5c Core/Src/main.o
 .debug_macro   0x0000000000003f19     0x155f Core/Src/main.o
 .debug_macro   0x0000000000005478      0x59e Core/Src/main.o
 .debug_macro   0x0000000000005a16      0x13d Core/Src/main.o
 .debug_macro   0x0000000000005b53      0x18b Core/Src/main.o
 .debug_macro   0x0000000000005cde      0x26b Core/Src/main.o
 .debug_macro   0x0000000000005f49      0x23d Core/Src/main.o
 .debug_macro   0x0000000000006186      0x241 Core/Src/main.o
 .debug_macro   0x00000000000063c7      0x37c Core/Src/main.o
 .debug_macro   0x0000000000006743       0xd6 Core/Src/main.o
 .debug_macro   0x0000000000006819      0x22c Core/Src/main.o
 .debug_macro   0x0000000000006a45       0x61 Core/Src/main.o
 .debug_macro   0x0000000000006aa6       0xa5 Core/Src/main.o
 .debug_macro   0x0000000000006b4b      0x122 Core/Src/main.o
 .debug_macro   0x0000000000006c6d      0x3e9 Core/Src/main.o
 .debug_macro   0x0000000000007056      0x59e Core/Src/main.o
 .debug_macro   0x00000000000075f4       0x44 Core/Src/main.o
 .debug_macro   0x0000000000007638      0x331 Core/Src/main.o
 .debug_macro   0x0000000000007969       0x58 Core/Src/main.o
 .debug_macro   0x00000000000079c1       0x46 Core/Src/main.o
 .debug_macro   0x0000000000007a07       0x18 Core/Src/main.o
 .debug_macro   0x0000000000007a1f       0x3c Core/Src/main.o
 .debug_macro   0x0000000000007a5b       0x34 Core/Src/main.o
 .debug_macro   0x0000000000007a8f       0x52 Core/Src/main.o
 .debug_macro   0x0000000000007ae1       0x1f Core/Src/main.o
 .debug_macro   0x0000000000007b00       0x43 Core/Src/main.o
 .debug_macro   0x0000000000007b43       0x20 Core/Src/main.o
 .debug_macro   0x0000000000007b63      0x1a3 Core/Src/main.o
 .debug_macro   0x0000000000007d06      0x32a Core/Src/main.o
 .debug_macro   0x0000000000008030       0x10 Core/Src/main.o
 .debug_macro   0x0000000000008040       0x35 Core/Src/main.o
 .debug_macro   0x0000000000008075       0x20 Core/Src/main.o
 .debug_macro   0x0000000000008095      0x1d4 Core/Src/stm32l4xx_hal_msp.o
 .debug_macro   0x0000000000008269      0x1de Core/Src/stm32l4xx_it.o
 .debug_macro   0x0000000000008447      0x1cb Core/Src/system_stm32l4xx.o
 .debug_macro   0x0000000000008612      0x213 Drivers/STM32L4xx_HAL_Driver/Src/stm32l4xx_hal.o
 .debug_macro   0x0000000000008825      0x1c5 Drivers/STM32L4xx_HAL_Driver/Src/stm32l4xx_hal_cortex.o
 .debug_macro   0x00000000000089ea      0x1cb Drivers/STM32L4xx_HAL_Driver/Src/stm32l4xx_hal_flash.o
 .debug_macro   0x0000000000008bb5      0x1c5 Drivers/STM32L4xx_HAL_Driver/Src/stm32l4xx_hal_flash_ex.o
 .debug_macro   0x0000000000008d7a      0x204 Drivers/STM32L4xx_HAL_Driver/Src/stm32l4xx_hal_gpio.o
 .debug_macro   0x0000000000008f7e      0x1e9 Drivers/STM32L4xx_HAL_Driver/Src/stm32l4xx_hal_pwr_ex.o
 .debug_macro   0x0000000000009167      0x207 Drivers/STM32L4xx_HAL_Driver/Src/stm32l4xx_hal_rcc.o
 .debug_macro   0x000000000000936e      0x1fb Drivers/STM32L4xx_HAL_Driver/Src/stm32l4xx_hal_rcc_ex.o
 .debug_macro   0x0000000000009569      0x1f0 Drivers/STM32L4xx_HAL_Driver/Src/stm32l4xx_hal_uart.o

.debug_line     0x0000000000000000     0x8052
 .debug_line    0x0000000000000000      0x8fc Core/Src/main.o
 .debug_line    0x00000000000008fc      0x6f1 Core/Src/stm32l4xx_hal_msp.o
 .debug_line    0x0000000000000fed      0x766 Core/Src/stm32l4xx_it.o
 .debug_line    0x0000000000001753      0x6ed Core/Src/system_stm32l4xx.o
 .debug_line    0x0000000000001e40       0x87 Core/Startup/startup_stm32l476rgtx.o
 .debug_line    0x0000000000001ec7      0x964 Drivers/STM32L4xx_HAL_Driver/Src/stm32l4xx_hal.o
 .debug_line    0x000000000000282b      0x9eb Drivers/STM32L4xx_HAL_Driver/Src/stm32l4xx_hal_cortex.o
 .debug_line    0x0000000000003216      0x8ec Drivers/STM32L4xx_HAL_Driver/Src/stm32l4xx_hal_flash.o
 .debug_line    0x0000000000003b02      0x99f Drivers/STM32L4xx_HAL_Driver/Src/stm32l4xx_hal_flash_ex.o
 .debug_line    0x00000000000044a1      0x87e Drivers/STM32L4xx_HAL_Driver/Src/stm32l4xx_hal_gpio.o
 .debug_line    0x0000000000004d1f      0xa77 Drivers/STM32L4xx_HAL_Driver/Src/stm32l4xx_hal_pwr_ex.o
 .debug_line    0x0000000000005796      0x9da Drivers/STM32L4xx_HAL_Driver/Src/stm32l4xx_hal_rcc.o
 .debug_line    0x0000000000006170      0xc70 Drivers/STM32L4xx_HAL_Driver/Src/stm32l4xx_hal_rcc_ex.o
 .debug_line    0x0000000000006de0     0x1272 Drivers/STM32L4xx_HAL_Driver/Src/stm32l4xx_hal_uart.o

.debug_str      0x0000000000000000    0xe83a2
 .debug_str     0x0000000000000000    0xe5903 Core/Src/main.o
                                      0xe5d1a (size before relaxing)
 .debug_str     0x00000000000e5903       0x56 Core/Src/stm32l4xx_hal_msp.o
                                      0xe27c7 (size before relaxing)
 .debug_str     0x00000000000e5959       0xbd Core/Src/stm32l4xx_it.o
                                      0xe22d9 (size before relaxing)
 .debug_str     0x00000000000e5a16       0xcd Core/Src/system_stm32l4xx.o
                                      0xe2308 (size before relaxing)
 .debug_str     0x00000000000e5ae3       0x36 Core/Startup/startup_stm32l476rgtx.o
                                         0x9f (size before relaxing)
 .debug_str     0x00000000000e5b19      0xa54 Drivers/STM32L4xx_HAL_Driver/Src/stm32l4xx_hal.o
                                      0xe2e58 (size before relaxing)
 .debug_str     0x00000000000e656d      0x389 Drivers/STM32L4xx_HAL_Driver/Src/stm32l4xx_hal_cortex.o
                                      0xe2b5c (size before relaxing)
 .debug_str     0x00000000000e68f6      0x22d Drivers/STM32L4xx_HAL_Driver/Src/stm32l4xx_hal_flash.o
                                      0xe2410 (size before relaxing)
 .debug_str     0x00000000000e6b23      0x25b Drivers/STM32L4xx_HAL_Driver/Src/stm32l4xx_hal_flash_ex.o
                                      0xe2493 (size before relaxing)
 .debug_str     0x00000000000e6d7e      0x236 Drivers/STM32L4xx_HAL_Driver/Src/stm32l4xx_hal_gpio.o
                                      0xe2587 (size before relaxing)
 .debug_str     0x00000000000e6fb4      0x4b4 Drivers/STM32L4xx_HAL_Driver/Src/stm32l4xx_hal_pwr_ex.o
                                      0xe2823 (size before relaxing)
 .debug_str     0x00000000000e7468      0x34e Drivers/STM32L4xx_HAL_Driver/Src/stm32l4xx_hal_rcc.o
                                      0xe28ca (size before relaxing)
 .debug_str     0x00000000000e77b6      0x3a6 Drivers/STM32L4xx_HAL_Driver/Src/stm32l4xx_hal_rcc_ex.o
                                      0xe2a5b (size before relaxing)
 .debug_str     0x00000000000e7b5c      0x846 Drivers/STM32L4xx_HAL_Driver/Src/stm32l4xx_hal_uart.o
                                      0xe2ebf (size before relaxing)

.comment        0x0000000000000000       0x7b
 .comment       0x0000000000000000       0x7b Core/Src/main.o
                                         0x7c (size before relaxing)
 .comment       0x000000000000007b       0x7c Core/Src/stm32l4xx_hal_msp.o
 .comment       0x000000000000007b       0x7c Core/Src/stm32l4xx_it.o
 .comment       0x000000000000007b       0x7c Core/Src/system_stm32l4xx.o
 .comment       0x000000000000007b       0x7c Drivers/STM32L4xx_HAL_Driver/Src/stm32l4xx_hal.o
 .comment       0x000000000000007b       0x7c Drivers/STM32L4xx_HAL_Driver/Src/stm32l4xx_hal_cortex.o
 .comment       0x000000000000007b       0x7c Drivers/STM32L4xx_HAL_Driver/Src/stm32l4xx_hal_flash.o
 .comment       0x000000000000007b       0x7c Drivers/STM32L4xx_HAL_Driver/Src/stm32l4xx_hal_flash_ex.o
 .comment       0x000000000000007b       0x7c Drivers/STM32L4xx_HAL_Driver/Src/stm32l4xx_hal_gpio.o
 .comment       0x000000000000007b       0x7c Drivers/STM32L4xx_HAL_Driver/Src/stm32l4xx_hal_pwr_ex.o
 .comment       0x000000000000007b       0x7c Drivers/STM32L4xx_HAL_Driver/Src/stm32l4xx_hal_rcc.o
 .comment       0x000000000000007b       0x7c Drivers/STM32L4xx_HAL_Driver/Src/stm32l4xx_hal_rcc_ex.o
 .comment       0x000000000000007b       0x7c Drivers/STM32L4xx_HAL_Driver/Src/stm32l4xx_hal_uart.o

.debug_frame    0x0000000000000000     0x2628
 .debug_frame   0x0000000000000000      0x108 Core/Src/main.o
 .debug_frame   0x0000000000000108       0x80 Core/Src/stm32l4xx_hal_msp.o
 .debug_frame   0x0000000000000188      0x10c Core/Src/stm32l4xx_it.o
 .debug_frame   0x0000000000000294       0x58 Core/Src/system_stm32l4xx.o
 .debug_frame   0x00000000000002ec      0x498 Drivers/STM32L4xx_HAL_Driver/Src/stm32l4xx_hal.o
 .debug_frame   0x0000000000000784      0x498 Drivers/STM32L4xx_HAL_Driver/Src/stm32l4xx_hal_cortex.o
 .debug_frame   0x0000000000000c1c      0x204 Drivers/STM32L4xx_HAL_Driver/Src/stm32l4xx_hal_flash.o
 .debug_frame   0x0000000000000e20      0x248 Drivers/STM32L4xx_HAL_Driver/Src/stm32l4xx_hal_flash_ex.o
 .debug_frame   0x0000000000001068      0x14c Drivers/STM32L4xx_HAL_Driver/Src/stm32l4xx_hal_gpio.o
 .debug_frame   0x00000000000011b4      0x544 Drivers/STM32L4xx_HAL_Driver/Src/stm32l4xx_hal_pwr_ex.o
 .debug_frame   0x00000000000016f8      0x1f4 Drivers/STM32L4xx_HAL_Driver/Src/stm32l4xx_hal_rcc.o
 .debug_frame   0x00000000000018ec      0x2fc Drivers/STM32L4xx_HAL_Driver/Src/stm32l4xx_hal_rcc_ex.o
 .debug_frame   0x0000000000001be8      0x974 Drivers/STM32L4xx_HAL_Driver/Src/stm32l4xx_hal_uart.o
 .debug_frame   0x000000000000255c       0x2c c:/st/stm32cubeide_1.4.0/stm32cubeide/plugins/com.st.stm32cube.ide.mcu.externaltools.gnu-tools-for-stm32.7-2018-q2-update.win32_1.4.0.202007081208/tools/bin/../lib/gcc/arm-none-eabi/7.3.1/../../../../arm-none-eabi/lib/thumb/v7e-m/fpv4-sp/hard\libc_nano.a(lib_a-init.o)
 .debug_frame   0x0000000000002588       0x20 c:/st/stm32cubeide_1.4.0/stm32cubeide/plugins/com.st.stm32cube.ide.mcu.externaltools.gnu-tools-for-stm32.7-2018-q2-update.win32_1.4.0.202007081208/tools/bin/../lib/gcc/arm-none-eabi/7.3.1/../../../../arm-none-eabi/lib/thumb/v7e-m/fpv4-sp/hard\libc_nano.a(lib_a-memset.o)
 .debug_frame   0x00000000000025a8       0x20 c:/st/stm32cubeide_1.4.0/stm32cubeide/plugins/com.st.stm32cube.ide.mcu.externaltools.gnu-tools-for-stm32.7-2018-q2-update.win32_1.4.0.202007081208/tools/bin/../lib/gcc/arm-none-eabi/7.3.1/../../../../arm-none-eabi/lib/thumb/v7e-m/fpv4-sp/hard\libc_nano.a(lib_a-strcpy.o)
 .debug_frame   0x00000000000025c8       0x2c c:/st/stm32cubeide_1.4.0/stm32cubeide/plugins/com.st.stm32cube.ide.mcu.externaltools.gnu-tools-for-stm32.7-2018-q2-update.win32_1.4.0.202007081208/tools/bin/../lib/gcc/arm-none-eabi/7.3.1/thumb/v7e-m/fpv4-sp/hard\libgcc.a(_aeabi_uldivmod.o)
 .debug_frame   0x00000000000025f4       0x34 c:/st/stm32cubeide_1.4.0/stm32cubeide/plugins/com.st.stm32cube.ide.mcu.externaltools.gnu-tools-for-stm32.7-2018-q2-update.win32_1.4.0.202007081208/tools/bin/../lib/gcc/arm-none-eabi/7.3.1/thumb/v7e-m/fpv4-sp/hard\libgcc.a(_udivmoddi4.o)
